{#3518
  +"success": false
  +"message": "Stock record not found for 'Vatable Item' in this branch."
} // vendor\laravel\framework\src\Illuminate\Testing\TestResponse.php:1810

   FAIL  Tests\Feature\TaxLogicTest
  ⨯ per product tax calculation                                                                                  3.83s  
  ────────────────────────────────────────────────────────────────────────────────────────────────────────────────────  
   FAILED  Tests\Feature\TaxLogicTest > per product tax calculation                                                     
  Expected response status code [200] but received 500.
Failed asserting that 500 is identical to 200.

  at tests\Feature\TaxLogicTest.php:129
    125▕                 'customer_id' => 'walk-in'
    126▕             ]);
    127▕ 
    128▕         $response->dump();
  ➜ 129▕         $response->assertStatus(200);
    130▕         $saleId = $response->json('sale_id');
    131▕ 
    132▕         // 4. Verify Database Records
    133▕         $this->assertDatabaseHas('sales', [


  Tests:    1 failed (1 assertions)
  Duration: 5.68s

